// Jest Snapshot v1, https://goo.gl/fbAQLP

exports[`renders the snapshot hierarchy 1`] = `
<div
  className="app"
>
  <header
    className="app-header"
  >
    <img
      alt="logo"
      id="app-logo"
      src="tccc-logo.png"
    />
  </header>
  <div
    className="navigation"
  >
    <div
      className="navbutton-selected"
      onClick={[Function]}
    >
      Home
    </div>
    <div
      className="navbutton"
      onClick={[Function]}
    >
      Menu
    </div>
    <div
      className="navbutton"
      id="checkout-button"
      onClick={[Function]}
    >
      Checkout
    </div>
  </div>
  <div
    className="app-content"
  >
    <span
      className="welcome-message"
    >
      Good morning!  Welcome to the Caribbean Coffee Company!
    </span>
  </div>
  <footer
    className="app-footer"
  >
    Copyright © NextStep IT Training. All rights reserved.
  </footer>
</div>
`;
